=== GIG EXTRACTION DEBUG ===

=== FILE: 01.htm (Day 1) ===
--- 2nd P TAG (CLEANED) ---
<p align="left">&gt;Patchwork Grace + Support<br>
                &gt;The Shed (Leicester)<br>
                <br>
                &gt;Hinterland + Dangerlust<br>
                &gt;Junktion 7 (Nottingham)<br>
                <br>
                </p>

--------------------------------------------------------------------------------

=== FILE: 03.htm (Day 3) ===
--- 2nd P TAG (CLEANED) ---
<p align="left">&gt;JustGoneHome + 3 Storey High + Your Sweet Legacy<br>
                &gt;The Annex (Spalding)<br>
                &gt;7:30pm <br>
                <br>
                </p>

--------------------------------------------------------------------------------

=== FILE: 04.htm (Day 4) ===
--- 2nd P TAG (CLEANED) ---
<p align="left">&gt;JustGoneHome + Fallen Idle + Logic Break<br>
                &gt;The Old Angel (Nottingham)<br>
                &gt;8pm <br>
                <br>
                </p>

--------------------------------------------------------------------------------

=== FILE: 05.htm (Day 5) [NO GIGS] ===
<td bgcolor="4b5672" bordercolor="#333333" height="394" align="left" valign="top"> 
              <p align="center"><font face="Courier" size="5"><b><font color="#CCCCCC">5</font><font color="#CCCCCC">th 
                </font><font face="Courier" size="5"><b><font color="#CCCCCC">June</font></b></font><font color="#CCCCCC"> 
                2005 </font></b></font></p>
              <p align="left"><font face="Courier" size="2">&gt;There are no gigs, 
                that we know of.<br>
                <br>
                &gt;If you have a gig, on this date. Let us know <a href="mailto:gigs@saggy-pants.com">gigs@saggy-pants.com</a></font><font face="Courier" size="2">.</font></p>
              <p align="left"> </p>
              </td>

--------------------------------------------------------------------------------

=== FILE: 06.htm (Day 6) [NO GIGS] ===
<td bgcolor="4b5672" bordercolor="#333333" height="394" align="left" valign="top"> 
              <p align="center"><font face="Courier" size="5"><b><font color="#CCCCCC">6</font><font color="#CCCCCC">th 
                </font><font face="Courier" size="5"><b><font color="#CCCCCC">June</font></b></font><font color="#CCCCCC"> 
                2005 </font></b></font></p>
              <p align="left"><font face="Courier" size="2">&gt;There are no gigs, 
                that we know of.<br>
                <br>
                &gt;If you have a gig, on this date. Let us know <a href="mailto:gigs@saggy-pants.com">gigs@saggy-pants.com</a></font><font face="Courier" size="2">.</font></p>
              <p align="left"> </p>
              </td>

--------------------------------------------------------------------------------

=== FILE: 07.htm (Day 7) [NO GIGS] ===
<td bgcolor="4b5672" bordercolor="#333333" height="394" align="left" valign="top"> 
              <p align="center"><font face="Courier" size="5"><b><font color="#CCCCCC">7</font><font color="#CCCCCC">th 
                </font><font face="Courier" size="5"><b><font color="#CCCCCC">June</font></b></font><font color="#CCCCCC"> 
                2005 </font></b></font></p>
              <p align="left"><font face="Courier" size="2">&gt;There are no gigs, 
                that we know of.<br>
                <br>
                &gt;If you have a gig, on this date. Let us know <a href="mailto:gigs@saggy-pants.com">gigs@saggy-pants.com</a></font><font face="Courier" size="2">.</font></p>
              <p align="left"> </p>
              </td>

--------------------------------------------------------------------------------

=== FILE: 08.htm (Day 8) ===
--- 2nd P TAG (CLEANED) ---
<p align="left">&gt;4FT Fingers + 3GunPete + Fastline + Switch NX<br>
                &gt;The Charlotte (Leicester)<br>
                &gt;8pm <br>
                <br>
                </p>

--------------------------------------------------------------------------------

=== FILE: 09.htm (Day 9) ===
--- 2nd P TAG (CLEANED) ---
<p align="left">&gt;The Authentics + Two Shot Blast<br>
                &gt;Loughborough Uni<br>
                <br>
                <br>
                <br>
                </p>

--------------------------------------------------------------------------------

=== FILE: 10.htm (Day 10) [NO GIGS] ===
<td bgcolor="4b5672" bordercolor="#333333" height="394" align="left" valign="top"> 
              <p align="center"><font face="Courier" size="5"><b><font color="#CCCCCC">10</font><font color="#CCCCCC">th 
                </font><font face="Courier" size="5"><b><font color="#CCCCCC">June</font></b></font><font color="#CCCCCC"> 
                2005 </font></b></font></p>
              <p align="left"><font face="Courier" size="2">&gt;There are no gigs, 
                that we know of.<br>
                <br>
                &gt;If you have a gig, on this date. Let us know <a href="mailto:gigs@saggy-pants.com">gigs@saggy-pants.com</a></font><font face="Courier" size="2">.</font></p>
              <p align="left"> </p>
              </td>

--------------------------------------------------------------------------------

=== FILE: 11.htm (Day 11) ===
--- 2nd P TAG (CLEANED) ---
<p align="left">&gt;JustGoneHome + MANY More<br>
                &gt;The Shed (Leicester)<br>
                &gt;3pm<br>
                &gt;£5<br>
                <br>
                </p>

--------------------------------------------------------------------------------

=== FILE: 16.htm (Day 16) ===
--- 2nd P TAG (CLEANED) ---
<p align="left">&gt;JustGoneHome + No Hope<br>
                &gt;The Town Mill (Mansfield)<br>
                &gt;7:30pm <br>
                <br>
                &gt;Pariah + Support<br>
                &gt;The Attick (Leicester)<br>
                <br>
                </p>

--------------------------------------------------------------------------------

=== FILE: 17.htm (Day 17) ===
--- 2nd P TAG (CLEANED) ---
<p align="left">&gt;JustGoneHome + Patchwork Grace + No Hope<br>
                &gt;The Vic Inn (Derby)<br>
                &gt;£3<br>
                &gt;7:30pm<br>
                <br>
                </p>

--------------------------------------------------------------------------------

=== FILE: 27.htm (Day 27) [NO GIGS] ===
<td bgcolor="4b5672" bordercolor="#333333" height="394" align="left" valign="top"> 
              <p align="center"><font face="Courier" size="5"><b><font color="#CCCCCC">27th 
                </font><font face="Courier" size="5"><b><font color="#CCCCCC">June</font></b></font><font color="#CCCCCC"> 
                2005 </font></b></font></p>
              <p align="left"><font face="Courier" size="2">&gt;There are no gigs, 
                that we know of.<br>
                <br>
                &gt;If you have a gig, on this date. Let us know <a href="mailto:gigs@saggy-pants.com">gigs@saggy-pants.com</a></font><font face="Courier" size="2">.</font></p>
              <p align="left"> </p>
              </td>

--------------------------------------------------------------------------------

=== FILE: 28.htm (Day 28) [NO GIGS] ===
<td bgcolor="4b5672" bordercolor="#333333" height="394" align="left" valign="top"> 
              <p align="center"><font face="Courier" size="5"><b><font color="#CCCCCC">28th 
                </font><font face="Courier" size="5"><b><font color="#CCCCCC">June</font></b></font><font color="#CCCCCC"> 
                2005 </font></b></font></p>
              <p align="left"><font face="Courier" size="2">&gt;There are no gigs, 
                that we know of.<br>
                <br>
                &gt;If you have a gig, on this date. Let us know <a href="mailto:gigs@saggy-pants.com">gigs@saggy-pants.com</a></font><font face="Courier" size="2">.</font></p>
              <p align="left"> </p>
              </td>

--------------------------------------------------------------------------------

=== FILE: 29.htm (Day 29) [NO GIGS] ===
<td bgcolor="4b5672" bordercolor="#333333" height="394" align="left" valign="top"> 
              <p align="center"><font face="Courier" size="5"><b><font color="#CCCCCC">29th 
                </font><font face="Courier" size="5"><b><font color="#CCCCCC">June</font></b></font><font color="#CCCCCC"> 
                2005 </font></b></font></p>
              <p align="left"><font face="Courier" size="2">&gt;There are no gigs, 
                that we know of.<br>
                <br>
                &gt;If you have a gig, on this date. Let us know <a href="mailto:gigs@saggy-pants.com">gigs@saggy-pants.com</a></font><font face="Courier" size="2">.</font></p>
              <p align="left"> </p>
              </td>

--------------------------------------------------------------------------------

=== FILE: 30.htm (Day 30) [NO GIGS] ===
<td bgcolor="4b5672" bordercolor="#333333" height="394" align="left" valign="top"> 
              <p align="center"><font face="Courier" size="5"><b><font color="#CCCCCC">30th 
                </font><font face="Courier" size="5"><b><font color="#CCCCCC">June</font></b></font> 
                <font color="#CCCCCC">2005 </font></b></font></p>
              <p align="left"><font face="Courier" size="2">&gt;There are no gigs, 
                that we know of.<br>
                <br>
                &gt;If you have a gig, on this date. Let us know <a href="mailto:gigs@saggy-pants.com">gigs@saggy-pants.com</a></font><font face="Courier" size="2">.</font></p>
              <p align="left"> </p>
              </td>

--------------------------------------------------------------------------------

=== FILE: 31.htm (Day 31) [NO GIGS] ===
<td bgcolor="4b5672" bordercolor="#333333" height="394" align="left" valign="top"> 
              <p align="center"><font face="Courier" size="5"><b><font color="#CCCCCC">31st 
                </font><font face="Courier" size="5"><b><font color="#CCCCCC">June</font></b></font><font color="#CCCCCC"> 
                2005 </font></b></font></p>
              <p align="left"><font face="Courier" size="2">&gt;There are no gigs, 
                that we know of.<br>
                <br>
                &gt;If you have a gig, on this date. Let us know <a href="mailto:gigs@saggy-pants.com">gigs@saggy-pants.com</a></font><font face="Courier" size="2">.</font></p>
              <p align="left"> </p>
              </td>

--------------------------------------------------------------------------------

